[2026-09-06T21:02:12Z] === Upgrade to v2 (stop-before-start) ===
[2026-09-06T21:02:12Z] Pre-upgrade RUNNING count=1 task=arn:aws:ecs:eu-west-1:784318225077:task/tc-upgrade-poc-cluster/4573f4ac370d41f8a497f1fa0badde0b
{"ts":"2026-09-06T21:02:15Z","note":"pre-upgrade","runningCount":1,"taskArns":[
    "arn:aws:ecs:eu-west-1:784318225077:task/tc-upgrade-poc-cluster/4573f4ac370d41f8a497f1fa0badde0b"
]}
[2026-09-06T21:02:17Z] Registered v2 task def arn:aws:ecs:eu-west-1:784318225077:task-definition/tc-upgrade-poc-task:2
{"ts":"2026-09-06T21:02:19Z","note":"v2-taskdef-registered","runningCount":1,"taskArns":[
    "arn:aws:ecs:eu-west-1:784318225077:task/tc-upgrade-poc-cluster/4573f4ac370d41f8a497f1fa0badde0b"
]}
{
    "taskDef": "arn:aws:ecs:eu-west-1:784318225077:task-definition/tc-upgrade-poc-task:2",
    "deployConfig": {
        "deploymentCircuitBreaker": {
            "enable": true,
            "rollback": true,
            "resetOnHealthyTask": true,
            "thresholdConfiguration": {
                "type": "BOUNDED_PERCENT",
                "value": 50
            }
        },
        "maximumPercent": 100,
        "minimumHealthyPercent": 0,
        "strategy": "ROLLING",
        "bakeTimeInMinutes": 0
    },
    "desired": 1
}
{"ts":"2026-09-06T21:02:22Z","note":"update-service-issued","runningCount":1,"taskArns":[
    "arn:aws:ecs:eu-west-1:784318225077:task/tc-upgrade-poc-cluster/4573f4ac370d41f8a497f1fa0badde0b"
]}
[2026-09-06T21:02:22Z] Polling task counts during upgrade (every 5s, up to ~10 min)...
{"ts":"2026-09-06T21:02:24Z","note":"poll-1","runningCount":1,"taskArns":[
    "arn:aws:ecs:eu-west-1:784318225077:task/tc-upgrade-poc-cluster/4573f4ac370d41f8a497f1fa0badde0b"
]}
{"ts":"2026-09-06T21:02:37Z","note":"poll-2","runningCount":1,"taskArns":[]}
{"ts":"2026-09-06T21:02:50Z","note":"poll-3","runningCount":0,"taskArns":[]}
{"ts":"2026-09-06T21:03:03Z","note":"poll-4","runningCount":0,"taskArns":[]}
{"ts":"2026-09-06T21:03:16Z","note":"poll-5","runningCount":0,"taskArns":[]}
{"ts":"2026-09-06T21:03:29Z","note":"poll-6","runningCount":0,"taskArns":[]}
{"ts":"2026-09-06T21:03:43Z","note":"poll-7","runningCount":0,"taskArns":[]}
{"ts":"2026-09-06T21:03:57Z","note":"poll-8","runningCount":1,"taskArns":[
    "arn:aws:ecs:eu-west-1:784318225077:task/tc-upgrade-poc-cluster/0e05c8e4d01d4b64a281e0fabbecbb44"
]}
{"ts":"2026-09-06T21:04:10Z","note":"poll-9","runningCount":1,"taskArns":[
    "arn:aws:ecs:eu-west-1:784318225077:task/tc-upgrade-poc-cluster/0e05c8e4d01d4b64a281e0fabbecbb44"
]}
{"ts":"2026-09-06T21:04:24Z","note":"poll-10","runningCount":1,"taskArns":[
    "arn:aws:ecs:eu-west-1:784318225077:task/tc-upgrade-poc-cluster/0e05c8e4d01d4b64a281e0fabbecbb44"
]}
{"ts":"2026-09-06T21:04:38Z","note":"poll-11","runningCount":1,"taskArns":[
    "arn:aws:ecs:eu-west-1:784318225077:task/tc-upgrade-poc-cluster/0e05c8e4d01d4b64a281e0fabbecbb44"
]}
{"ts":"2026-09-06T21:04:52Z","note":"poll-12","runningCount":1,"taskArns":[
    "arn:aws:ecs:eu-west-1:784318225077:task/tc-upgrade-poc-cluster/0e05c8e4d01d4b64a281e0fabbecbb44"
]}
{"ts":"2026-09-06T21:05:07Z","note":"poll-13","runningCount":1,"taskArns":[
    "arn:aws:ecs:eu-west-1:784318225077:task/tc-upgrade-poc-cluster/0e05c8e4d01d4b64a281e0fabbecbb44"
]}
{"ts":"2026-09-06T21:05:21Z","note":"poll-14","runningCount":1,"taskArns":[
    "arn:aws:ecs:eu-west-1:784318225077:task/tc-upgrade-poc-cluster/0e05c8e4d01d4b64a281e0fabbecbb44"
]}
{"ts":"2026-09-06T21:05:35Z","note":"poll-15","runningCount":1,"taskArns":[
    "arn:aws:ecs:eu-west-1:784318225077:task/tc-upgrade-poc-cluster/0e05c8e4d01d4b64a281e0fabbecbb44"
]}
{"ts":"2026-09-06T21:05:44Z","note":"stable-detected","runningCount":1,"taskArns":[
    "arn:aws:ecs:eu-west-1:784318225077:task/tc-upgrade-poc-cluster/0e05c8e4d01d4b64a281e0fabbecbb44"
]}
[2026-09-06T21:05:44Z] Waiting for service tc-upgrade-poc-svc to become stable (timeout 300s)...
[2026-09-06T21:05:45Z] Service is stable.
{"ts":"2026-09-06T21:05:47Z","note":"post-stable","runningCount":1,"taskArns":[
    "arn:aws:ecs:eu-west-1:784318225077:task/tc-upgrade-poc-cluster/0e05c8e4d01d4b64a281e0fabbecbb44"
]}
[2026-09-06T21:06:13Z] === Upgrade complete ===
[2026-09-06T21:06:13Z] maxRunningSeen=1 zeroRunningPolls=5
{
  "preTaskArn": "arn:aws:ecs:eu-west-1:784318225077:task/tc-upgrade-poc-cluster/4573f4ac370d41f8a497f1fa0badde0b",
  "postTaskArn": "arn:aws:ecs:eu-west-1:784318225077:task/tc-upgrade-poc-cluster/0e05c8e4d01d4b64a281e0fabbecbb44",
  "tdV1": "arn:aws:ecs:eu-west-1:784318225077:task-definition/tc-upgrade-poc-task:1",
  "tdV2": "arn:aws:ecs:eu-west-1:784318225077:task-definition/tc-upgrade-poc-task:2",
  "maxRunningSeenDuringUpgrade": 1,
  "pollsWithZeroRunning": 5,
  "stopBeforeStartOk": true,
  "oldTaskStopped": true,
  "deploymentConfig": {
    "minimumHealthyPercent": 0,
    "maximumPercent": 100,
    "circuitBreaker": {"enable": true, "rollback": true}
  }
}
EXIT:0
